[2026-03-11 08:00:01] [INFO] Application startup complete.
[2026-03-11 08:00:05] [DEBUG] Loading configuration from appsettings.json.
[2026-03-11 08:00:12] [INFO] Database connection pool initialized.
[2026-03-11 08:01:15] [WARN] High memory usage detected: 85%.
[2026-03-11 08:01:45] [INFO] User authentication successful for user_id=42.
[2026-03-11 08:02:10] [DEBUG] Cache hit for key: user_profile_42.
[2026-03-11 08:02:30] [ERROR] Timeout waiting for external API response.
[2026-03-11 08:02:31] [WARN] Retrying external API call (attempt 2/3).
[2026-03-11 08:03:00] [INFO] Processing batch job #1024.
[2026-03-11 08:03:15] [INFO] External API call successful.
[2026-03-11 08:03:30] [ERROR] Timeout waiting for external API response.
[2026-03-11 08:03:45] [DEBUG] SQL Query executed in 45ms.
[2026-03-11 08:04:10] [INFO] New order created: order_id=9981.
[2026-03-11 08:04:22] [DEBUG] SQL Query executed in 45ms.
[2026-03-11 08:04:55] [INFO] Payment gateway notification received.
[2026-03-11 08:05:01] [WARN] Deprecated endpoint accessed: /api/v1/legacy/users.
[2026-03-11 08:05:15] [INFO] Order status updated to 'Paid'.
[2026-03-11 08:05:40] [ERROR] NullReferenceException in OrderService.GetDetails.
[2026-03-11 08:06:00] [DEBUG] Stack trace logged to file.
[2026-03-11 08:06:12] [WARN] Deprecated endpoint accessed: /api/v1/legacy/users.
[2026-03-11 08:06:30] [INFO] Background service 'EmailSender' started.
[2026-03-11 08:07:05] [INFO] Email sent to customer@example.com.
[2026-03-11 08:07:22] [DEBUG] Garbage collection completed.
[2026-03-11 08:07:45] [INFO] Health check passed.
[2026-03-11 08:08:01] [WARN] Slow database query detected (>2000ms).
[2026-03-11 08:08:15] [DEBUG] Query plan analysis started.
[2026-03-11 08:08:20] [ERROR] NullReferenceException in OrderService.GetDetails.
[2026-03-11 08:08:30] [INFO] User session expired for token_xyz.
[2026-03-11 08:08:55] [ERROR] File not found: /uploads/image_55.png.
[2026-03-11 08:09:10] [INFO] Cache cleared for module 'Products'.
[2026-03-11 08:09:25] [DEBUG] Middleware 'RequestLogging' processed request.
[2026-03-11 08:09:40] [WARN] Rate limit exceeded for IP 192.168.1.50.
[2026-03-11 08:10:00] [INFO] Scheduled task 'CleanupLogs' executed.
[2026-03-11 08:10:15] [ERROR] Invalid JSON payload in request body.
[2026-03-11 08:10:30] [DEBUG] Connection opened to Redis cluster.
[2026-03-11 08:10:45] [INFO] WebSocket client connected: client_id=77.
[2026-03-11 08:11:00] [WARN] SSL certificate expires in 14 days.
[2026-03-11 08:11:15] [INFO] Report generation started for period Q1.
[2026-03-11 08:11:30] [DEBUG] Serialization completed in 12ms.
[2026-03-11 08:11:45] [ERROR] Deadlock detected in transaction #5501.
[2026-03-11 08:12:00] [WARN] Transaction #5501 rolled back.
[2026-03-11 08:12:15] [INFO] Health check passed.
[2026-03-11 08:12:30] [DEBUG] Garbage collection completed.
[2026-03-11 08:12:45] [INFO] User session expired for token_xyz.
[2026-03-11 08:12:50] [ERROR] Invalid JSON payload in request body.
[2026-03-11 08:13:00] [WARN] Deprecated endpoint accessed: /api/v1/legacy/users.
[2026-03-11 08:13:15] [INFO] Cache cleared for module 'Products'.
[2026-03-11 08:13:16] [WARN] Slow database query detected (>2000ms).
[2026-03-11 08:13:30] [DEBUG] SQL Query executed in 45ms.
[2026-03-11 08:13:45] [INFO] Scheduled task 'CleanupLogs' executed.
[2026-03-11 08:14:00] [WARN] Rate limit exceeded for IP 192.168.1.50.
[2026-03-11 08:14:15] [INFO] WebSocket client connected: client_id=78.
[2026-03-11 08:14:25] [ERROR] Timeout waiting for external API response.
[2026-03-11 08:14:30] [DEBUG] Middleware 'RequestLogging' processed request.
[2026-03-11 08:14:45] [INFO] Report generation started for period Q1.
[2026-03-11 08:15:00] [DEBUG] Connection opened to Redis cluster.
[2026-03-11 08:15:15] [INFO] Scheduled task 'CleanupLogs' executed.
[2026-03-11 08:15:30] [WARN] Deprecated endpoint accessed: /api/v1/legacy/users.
[2026-03-11 08:15:45] [INFO] Cache cleared for module 'Products'.
[2026-03-11 08:16:00] [DEBUG] Garbage collection completed.
[2026-03-11 08:16:15] [INFO] Health check passed.
[2026-03-11 08:16:30] [INFO] User session expired for token_xyz.
[2026-03-11 08:16:45] [WARN] Rate limit exceeded for IP 192.168.1.50.
[2026-03-11 08:17:00] [INFO] Application shutdown initiated.
[2026-03-11 08:17:01] [INFO] Disposing database context.
